// Jest Snapshot v1, https://goo.gl/fbAQLP

exports[`sizing utilities getCSSSizingV2 should create matching CSS Sizing object 1`] = `
Object {
  "baseFontSize": "9px",
  "ratios": Object {
    "desktop": "1.618",
    "mobile": "1.44",
    "tablet": "1.44",
  },
  "sizes": Object {
    "desktop": Object {
      "x0": "4px",
      "x1": "9px",
      "x10": "606px",
      "x2": "13px",
      "x3": "21px",
      "x4": "34px",
      "x5": "55px",
      "x6": "89px",
      "x7": "144px",
      "x8": "232px",
      "x9": "375px",
    },
    "mobile": Object {
      "x0": "6px",
      "x1": "9px",
      "x10": "468px",
      "x2": "14px",
      "x3": "20px",
      "x4": "30px",
      "x5": "45px",
      "x6": "68px",
      "x7": "110px",
      "x8": "179px",
      "x9": "289px",
    },
    "tablet": Object {
      "x0": "4px",
      "x1": "9px",
      "x10": "606px",
      "x2": "13px",
      "x3": "21px",
      "x4": "34px",
      "x5": "55px",
      "x6": "89px",
      "x7": "144px",
      "x8": "232px",
      "x9": "375px",
    },
  },
  "useRatiosForSizes": "false",
}
`;
