// Jest Snapshot v1, https://goo.gl/fbAQLP

exports[`typography utilities createCSSCapsizeTextStyle should create a valid CSS typography object 1`] = `
Object {
  "capHeight": "55",
  "capsize": Object {
    "::after": Object {
      "content": "''",
      "display": "table",
      "marginTop": "-0.1256em",
    },
    "::before": Object {
      "content": "''",
      "display": "table",
      "marginBottom": "-0.1256em",
    },
    "fontSize": "75.625px",
    "lineHeight": "74px",
  },
  "fontFamily": "Inter,ui-sans-serif,system-ui,-apple-system,BlinkMacSystemFont,\\"Segoe UI\\",Roboto,\\"Helvetica Neue\\",Arial,\\"Noto Sans\\",sans-serif,\\"Apple Color Emoji\\",\\"Segoe UI Emoji\\",\\"Segoe UI Symbol\\",\\"Noto Color Emoji\\"",
  "fontSize": "",
  "fontStyle": undefined,
  "fontWeight": "400",
  "letterSpacing": "0px",
  "lineGap": "19",
  "textDecoration": undefined,
  "textTransform": undefined,
}
`;

exports[`typography utilities getCSSTypographyV2 should create a valid CSS typography object 1`] = `
Object {
  "fonts": Object {
    "monospace": "ui-monospace,SFMono-Regular,Menlo,Monaco,Consolas,\\"Liberation Mono\\",\\"Courier New\\",monospace",
    "sans": "Inter,ui-sans-serif,system-ui,-apple-system,BlinkMacSystemFont,\\"Segoe UI\\",Roboto,\\"Helvetica Neue\\",Arial,\\"Noto Sans\\",sans-serif,\\"Apple Color Emoji\\",\\"Segoe UI Emoji\\",\\"Segoe UI Symbol\\",\\"Noto Color Emoji\\"",
    "sansAlternate": "Inter,ui-sans-serif,system-ui,-apple-system,BlinkMacSystemFont,\\"Segoe UI\\",Roboto,\\"Helvetica Neue\\",Arial,\\"Noto Sans\\",sans-serif,\\"Apple Color Emoji\\",\\"Segoe UI Emoji\\",\\"Segoe UI Symbol\\",\\"Noto Color Emoji\\"",
    "serif": "PT Serif,ui-serif,Georgia,Cambria,\\"Times New Roman\\",Times,serif",
  },
  "headings": Object {
    "desktop": Object {
      "h1": Object {
        "capsize": Object {
          "baselineTrim": "-0.25em",
          "capHeightTrim": "-0.25em",
          "fontSize": "38px",
          "lineHeight": "46.6364px",
        },
        "fontFamily": "Inter,ui-sans-serif,system-ui,-apple-system,BlinkMacSystemFont,\\"Segoe UI\\",Roboto,\\"Helvetica Neue\\",Arial,\\"Noto Sans\\",sans-serif,\\"Apple Color Emoji\\",\\"Segoe UI Emoji\\",\\"Segoe UI Symbol\\",\\"Noto Color Emoji\\"",
        "fontStyle": undefined,
        "fontWeight": "700",
        "letterSpacing": "-0.03em",
        "textDecoration": undefined,
        "textTransform": undefined,
      },
      "h2": Object {
        "capsize": Object {
          "baselineTrim": "-0.25em",
          "capHeightTrim": "-0.25em",
          "fontSize": "28px",
          "lineHeight": "34.3636px",
        },
        "fontFamily": "Inter,ui-sans-serif,system-ui,-apple-system,BlinkMacSystemFont,\\"Segoe UI\\",Roboto,\\"Helvetica Neue\\",Arial,\\"Noto Sans\\",sans-serif,\\"Apple Color Emoji\\",\\"Segoe UI Emoji\\",\\"Segoe UI Symbol\\",\\"Noto Color Emoji\\"",
        "fontStyle": undefined,
        "fontWeight": "700",
        "letterSpacing": "-0.02em",
        "textDecoration": undefined,
        "textTransform": undefined,
      },
      "h3": Object {
        "capsize": Object {
          "baselineTrim": "-0.2619em",
          "capHeightTrim": "-0.2619em",
          "fontSize": "21px",
          "lineHeight": "26.2727px",
        },
        "fontFamily": "Inter,ui-sans-serif,system-ui,-apple-system,BlinkMacSystemFont,\\"Segoe UI\\",Roboto,\\"Helvetica Neue\\",Arial,\\"Noto Sans\\",sans-serif,\\"Apple Color Emoji\\",\\"Segoe UI Emoji\\",\\"Segoe UI Symbol\\",\\"Noto Color Emoji\\"",
        "fontStyle": undefined,
        "fontWeight": "700",
        "letterSpacing": "-0.01em",
        "textDecoration": undefined,
        "textTransform": undefined,
      },
      "h4": Object {
        "capsize": Object {
          "baselineTrim": "-0.25em",
          "capHeightTrim": "-0.25em",
          "fontSize": "16px",
          "lineHeight": "19.6364px",
        },
        "fontFamily": "Inter,ui-sans-serif,system-ui,-apple-system,BlinkMacSystemFont,\\"Segoe UI\\",Roboto,\\"Helvetica Neue\\",Arial,\\"Noto Sans\\",sans-serif,\\"Apple Color Emoji\\",\\"Segoe UI Emoji\\",\\"Segoe UI Symbol\\",\\"Noto Color Emoji\\"",
        "fontStyle": undefined,
        "fontWeight": "700",
        "letterSpacing": "0px",
        "textDecoration": undefined,
        "textTransform": undefined,
      },
    },
    "fontFamily": "Inter,ui-sans-serif,system-ui,-apple-system,BlinkMacSystemFont,\\"Segoe UI\\",Roboto,\\"Helvetica Neue\\",Arial,\\"Noto Sans\\",sans-serif,\\"Apple Color Emoji\\",\\"Segoe UI Emoji\\",\\"Segoe UI Symbol\\",\\"Noto Color Emoji\\"",
    "fontStyle": undefined,
    "fontWeight": "700",
    "letterSpacing": "-0.02em",
    "mobile": Object {
      "h1": Object {
        "capsize": Object {
          "baselineTrim": "-0.2797em",
          "capHeightTrim": "-0.2797em",
          "fontSize": "35.75px",
          "lineHeight": "46px",
        },
        "fontFamily": "Inter,ui-sans-serif,system-ui,-apple-system,BlinkMacSystemFont,\\"Segoe UI\\",Roboto,\\"Helvetica Neue\\",Arial,\\"Noto Sans\\",sans-serif,\\"Apple Color Emoji\\",\\"Segoe UI Emoji\\",\\"Segoe UI Symbol\\",\\"Noto Color Emoji\\"",
        "fontStyle": undefined,
        "fontWeight": "700",
        "letterSpacing": "-0.03em",
        "textDecoration": undefined,
        "textTransform": undefined,
      },
      "h2": Object {
        "capsize": Object {
          "baselineTrim": "-0.3273em",
          "capHeightTrim": "-0.3273em",
          "fontSize": "27.5px",
          "lineHeight": "38px",
        },
        "fontFamily": "Inter,ui-sans-serif,system-ui,-apple-system,BlinkMacSystemFont,\\"Segoe UI\\",Roboto,\\"Helvetica Neue\\",Arial,\\"Noto Sans\\",sans-serif,\\"Apple Color Emoji\\",\\"Segoe UI Emoji\\",\\"Segoe UI Symbol\\",\\"Noto Color Emoji\\"",
        "fontStyle": undefined,
        "fontWeight": "700",
        "letterSpacing": "-0.02em",
        "textDecoration": undefined,
        "textTransform": undefined,
      },
      "h3": Object {
        "capsize": Object {
          "baselineTrim": "-0.3636em",
          "capHeightTrim": "-0.3636em",
          "fontSize": "22px",
          "lineHeight": "32px",
        },
        "fontFamily": "Inter,ui-sans-serif,system-ui,-apple-system,BlinkMacSystemFont,\\"Segoe UI\\",Roboto,\\"Helvetica Neue\\",Arial,\\"Noto Sans\\",sans-serif,\\"Apple Color Emoji\\",\\"Segoe UI Emoji\\",\\"Segoe UI Symbol\\",\\"Noto Color Emoji\\"",
        "fontStyle": undefined,
        "fontWeight": "700",
        "letterSpacing": "0px",
        "textDecoration": undefined,
        "textTransform": undefined,
      },
      "h4": Object {
        "capsize": Object {
          "baselineTrim": "-0.3636em",
          "capHeightTrim": "-0.3636em",
          "fontSize": "19.25px",
          "lineHeight": "28px",
        },
        "fontFamily": "Inter,ui-sans-serif,system-ui,-apple-system,BlinkMacSystemFont,\\"Segoe UI\\",Roboto,\\"Helvetica Neue\\",Arial,\\"Noto Sans\\",sans-serif,\\"Apple Color Emoji\\",\\"Segoe UI Emoji\\",\\"Segoe UI Symbol\\",\\"Noto Color Emoji\\"",
        "fontStyle": undefined,
        "fontWeight": "700",
        "letterSpacing": "0px",
        "textDecoration": undefined,
        "textTransform": undefined,
      },
    },
    "styles": Object {},
    "tablet": Object {
      "h1": Object {
        "capsize": Object {
          "baselineTrim": "-0.2797em",
          "capHeightTrim": "-0.2797em",
          "fontSize": "35.75px",
          "lineHeight": "46px",
        },
        "fontFamily": "Inter,ui-sans-serif,system-ui,-apple-system,BlinkMacSystemFont,\\"Segoe UI\\",Roboto,\\"Helvetica Neue\\",Arial,\\"Noto Sans\\",sans-serif,\\"Apple Color Emoji\\",\\"Segoe UI Emoji\\",\\"Segoe UI Symbol\\",\\"Noto Color Emoji\\"",
        "fontStyle": undefined,
        "fontWeight": "700",
        "letterSpacing": "-0.03em",
        "textDecoration": undefined,
        "textTransform": undefined,
      },
      "h2": Object {
        "capsize": Object {
          "baselineTrim": "-0.3273em",
          "capHeightTrim": "-0.3273em",
          "fontSize": "27.5px",
          "lineHeight": "38px",
        },
        "fontFamily": "Inter,ui-sans-serif,system-ui,-apple-system,BlinkMacSystemFont,\\"Segoe UI\\",Roboto,\\"Helvetica Neue\\",Arial,\\"Noto Sans\\",sans-serif,\\"Apple Color Emoji\\",\\"Segoe UI Emoji\\",\\"Segoe UI Symbol\\",\\"Noto Color Emoji\\"",
        "fontStyle": undefined,
        "fontWeight": "700",
        "letterSpacing": "-0.02em",
        "textDecoration": undefined,
        "textTransform": undefined,
      },
      "h3": Object {
        "capsize": Object {
          "baselineTrim": "-0.3636em",
          "capHeightTrim": "-0.3636em",
          "fontSize": "22px",
          "lineHeight": "32px",
        },
        "fontFamily": "Inter,ui-sans-serif,system-ui,-apple-system,BlinkMacSystemFont,\\"Segoe UI\\",Roboto,\\"Helvetica Neue\\",Arial,\\"Noto Sans\\",sans-serif,\\"Apple Color Emoji\\",\\"Segoe UI Emoji\\",\\"Segoe UI Symbol\\",\\"Noto Color Emoji\\"",
        "fontStyle": undefined,
        "fontWeight": "700",
        "letterSpacing": "0px",
        "textDecoration": undefined,
        "textTransform": undefined,
      },
      "h4": Object {
        "capsize": Object {
          "baselineTrim": "-0.3636em",
          "capHeightTrim": "-0.3636em",
          "fontSize": "19.25px",
          "lineHeight": "28px",
        },
        "fontFamily": "Inter,ui-sans-serif,system-ui,-apple-system,BlinkMacSystemFont,\\"Segoe UI\\",Roboto,\\"Helvetica Neue\\",Arial,\\"Noto Sans\\",sans-serif,\\"Apple Color Emoji\\",\\"Segoe UI Emoji\\",\\"Segoe UI Symbol\\",\\"Noto Color Emoji\\"",
        "fontStyle": undefined,
        "fontWeight": "700",
        "letterSpacing": "0px",
        "textDecoration": undefined,
        "textTransform": undefined,
      },
    },
    "textDecoration": undefined,
    "textTransform": undefined,
  },
  "labels": Object {
    "desktop": Object {
      "medium": Object {
        "capsize": Object {
          "baselineTrim": "-0.4em",
          "capHeightTrim": "-0.4em",
          "fontSize": "15px",
          "lineHeight": "22.9091px",
        },
        "fontFamily": "Inter,ui-sans-serif,system-ui,-apple-system,BlinkMacSystemFont,\\"Segoe UI\\",Roboto,\\"Helvetica Neue\\",Arial,\\"Noto Sans\\",sans-serif,\\"Apple Color Emoji\\",\\"Segoe UI Emoji\\",\\"Segoe UI Symbol\\",\\"Noto Color Emoji\\"",
        "fontStyle": undefined,
        "fontWeight": "600",
        "letterSpacing": "0px",
        "textDecoration": undefined,
        "textTransform": undefined,
      },
      "small": Object {
        "capsize": Object {
          "baselineTrim": "-0.4615em",
          "capHeightTrim": "-0.4615em",
          "fontSize": "13px",
          "lineHeight": "21.4545px",
        },
        "fontFamily": "Inter,ui-sans-serif,system-ui,-apple-system,BlinkMacSystemFont,\\"Segoe UI\\",Roboto,\\"Helvetica Neue\\",Arial,\\"Noto Sans\\",sans-serif,\\"Apple Color Emoji\\",\\"Segoe UI Emoji\\",\\"Segoe UI Symbol\\",\\"Noto Color Emoji\\"",
        "fontStyle": undefined,
        "fontWeight": "600",
        "letterSpacing": "0px",
        "textDecoration": undefined,
        "textTransform": undefined,
      },
      "xSmall": Object {
        "capsize": Object {
          "baselineTrim": "-0.5em",
          "capHeightTrim": "-0.5em",
          "fontSize": "12px",
          "lineHeight": "20.7273px",
        },
        "fontFamily": "Inter,ui-sans-serif,system-ui,-apple-system,BlinkMacSystemFont,\\"Segoe UI\\",Roboto,\\"Helvetica Neue\\",Arial,\\"Noto Sans\\",sans-serif,\\"Apple Color Emoji\\",\\"Segoe UI Emoji\\",\\"Segoe UI Symbol\\",\\"Noto Color Emoji\\"",
        "fontStyle": undefined,
        "fontWeight": "600",
        "letterSpacing": "0px",
        "textDecoration": undefined,
        "textTransform": undefined,
      },
    },
    "fontFamily": "Inter,ui-sans-serif,system-ui,-apple-system,BlinkMacSystemFont,\\"Segoe UI\\",Roboto,\\"Helvetica Neue\\",Arial,\\"Noto Sans\\",sans-serif,\\"Apple Color Emoji\\",\\"Segoe UI Emoji\\",\\"Segoe UI Symbol\\",\\"Noto Color Emoji\\"",
    "fontStyle": undefined,
    "fontWeight": "600",
    "letterSpacing": "0px",
    "mobile": Object {
      "medium": Object {
        "capsize": Object {
          "baselineTrim": "-0.5em",
          "capHeightTrim": "-0.5em",
          "fontSize": "16px",
          "lineHeight": "27.6364px",
        },
        "fontFamily": "Inter,ui-sans-serif,system-ui,-apple-system,BlinkMacSystemFont,\\"Segoe UI\\",Roboto,\\"Helvetica Neue\\",Arial,\\"Noto Sans\\",sans-serif,\\"Apple Color Emoji\\",\\"Segoe UI Emoji\\",\\"Segoe UI Symbol\\",\\"Noto Color Emoji\\"",
        "fontStyle": undefined,
        "fontWeight": "600",
        "letterSpacing": "0px",
        "textDecoration": undefined,
        "textTransform": undefined,
      },
      "small": Object {
        "capsize": Object {
          "baselineTrim": "-0.5em",
          "capHeightTrim": "-0.5em",
          "fontSize": "14px",
          "lineHeight": "24.1818px",
        },
        "fontFamily": "Inter,ui-sans-serif,system-ui,-apple-system,BlinkMacSystemFont,\\"Segoe UI\\",Roboto,\\"Helvetica Neue\\",Arial,\\"Noto Sans\\",sans-serif,\\"Apple Color Emoji\\",\\"Segoe UI Emoji\\",\\"Segoe UI Symbol\\",\\"Noto Color Emoji\\"",
        "fontStyle": undefined,
        "fontWeight": "600",
        "letterSpacing": "0px",
        "textDecoration": undefined,
        "textTransform": undefined,
      },
      "xSmall": Object {
        "capsize": Object {
          "baselineTrim": "-0.5em",
          "capHeightTrim": "-0.5em",
          "fontSize": "13px",
          "lineHeight": "22.4545px",
        },
        "fontFamily": "Inter,ui-sans-serif,system-ui,-apple-system,BlinkMacSystemFont,\\"Segoe UI\\",Roboto,\\"Helvetica Neue\\",Arial,\\"Noto Sans\\",sans-serif,\\"Apple Color Emoji\\",\\"Segoe UI Emoji\\",\\"Segoe UI Symbol\\",\\"Noto Color Emoji\\"",
        "fontStyle": undefined,
        "fontWeight": "600",
        "letterSpacing": "0px",
        "textDecoration": undefined,
        "textTransform": undefined,
      },
    },
    "styles": Object {
      "bold": Object {
        "fontStyle": undefined,
        "fontWeight": "600",
        "letterSpacing": "0px",
        "textDecoration": undefined,
        "textTransform": undefined,
      },
      "boldUppercase": Object {
        "fontStyle": undefined,
        "fontWeight": "600",
        "letterSpacing": "0.05em",
        "textDecoration": undefined,
        "textTransform": "uppercase",
      },
      "italic": Object {
        "fontStyle": "italic",
        "fontWeight": "600",
        "letterSpacing": "0px",
        "textDecoration": undefined,
        "textTransform": undefined,
      },
      "italicBold": Object {
        "fontStyle": "italic",
        "fontWeight": "600",
        "letterSpacing": "0px",
        "textDecoration": undefined,
        "textTransform": undefined,
      },
      "normal": Object {
        "fontStyle": undefined,
        "fontWeight": "600",
        "letterSpacing": "0px",
        "textDecoration": undefined,
        "textTransform": undefined,
      },
      "uppercase": Object {
        "fontStyle": undefined,
        "fontWeight": "500",
        "letterSpacing": "0.05em",
        "textDecoration": undefined,
        "textTransform": "uppercase",
      },
    },
    "tablet": Object {
      "medium": Object {
        "capsize": Object {
          "baselineTrim": "-0.5em",
          "capHeightTrim": "-0.5em",
          "fontSize": "15px",
          "lineHeight": "25.9091px",
        },
        "fontFamily": "Inter,ui-sans-serif,system-ui,-apple-system,BlinkMacSystemFont,\\"Segoe UI\\",Roboto,\\"Helvetica Neue\\",Arial,\\"Noto Sans\\",sans-serif,\\"Apple Color Emoji\\",\\"Segoe UI Emoji\\",\\"Segoe UI Symbol\\",\\"Noto Color Emoji\\"",
        "fontStyle": undefined,
        "fontWeight": "600",
        "letterSpacing": "0px",
        "textDecoration": undefined,
        "textTransform": undefined,
      },
      "small": Object {
        "capsize": Object {
          "baselineTrim": "-0.5em",
          "capHeightTrim": "-0.5em",
          "fontSize": "13px",
          "lineHeight": "22.4545px",
        },
        "fontFamily": "Inter,ui-sans-serif,system-ui,-apple-system,BlinkMacSystemFont,\\"Segoe UI\\",Roboto,\\"Helvetica Neue\\",Arial,\\"Noto Sans\\",sans-serif,\\"Apple Color Emoji\\",\\"Segoe UI Emoji\\",\\"Segoe UI Symbol\\",\\"Noto Color Emoji\\"",
        "fontStyle": undefined,
        "fontWeight": "600",
        "letterSpacing": "0px",
        "textDecoration": undefined,
        "textTransform": undefined,
      },
      "xSmall": Object {
        "capsize": Object {
          "baselineTrim": "-0.5em",
          "capHeightTrim": "-0.5em",
          "fontSize": "12px",
          "lineHeight": "20.7273px",
        },
        "fontFamily": "Inter,ui-sans-serif,system-ui,-apple-system,BlinkMacSystemFont,\\"Segoe UI\\",Roboto,\\"Helvetica Neue\\",Arial,\\"Noto Sans\\",sans-serif,\\"Apple Color Emoji\\",\\"Segoe UI Emoji\\",\\"Segoe UI Symbol\\",\\"Noto Color Emoji\\"",
        "fontStyle": undefined,
        "fontWeight": "600",
        "letterSpacing": "0px",
        "textDecoration": undefined,
        "textTransform": undefined,
      },
    },
    "textDecoration": undefined,
    "textTransform": undefined,
  },
  "paragraphs": Object {
    "desktop": Object {
      "large": Object {
        "capsize": Object {
          "baselineTrim": "-0.5em",
          "capHeightTrim": "-0.5em",
          "fontSize": "18px",
          "lineHeight": "31.0909px",
        },
        "fontFamily": "Inter,ui-sans-serif,system-ui,-apple-system,BlinkMacSystemFont,\\"Segoe UI\\",Roboto,\\"Helvetica Neue\\",Arial,\\"Noto Sans\\",sans-serif,\\"Apple Color Emoji\\",\\"Segoe UI Emoji\\",\\"Segoe UI Symbol\\",\\"Noto Color Emoji\\"",
        "fontStyle": undefined,
        "fontWeight": "400",
        "letterSpacing": "0px",
        "textDecoration": undefined,
        "textTransform": undefined,
      },
      "medium": Object {
        "capsize": Object {
          "baselineTrim": "-0.5em",
          "capHeightTrim": "-0.5em",
          "fontSize": "16px",
          "lineHeight": "27.6364px",
        },
        "fontFamily": "Inter,ui-sans-serif,system-ui,-apple-system,BlinkMacSystemFont,\\"Segoe UI\\",Roboto,\\"Helvetica Neue\\",Arial,\\"Noto Sans\\",sans-serif,\\"Apple Color Emoji\\",\\"Segoe UI Emoji\\",\\"Segoe UI Symbol\\",\\"Noto Color Emoji\\"",
        "fontStyle": undefined,
        "fontWeight": "400",
        "letterSpacing": "0px",
        "textDecoration": undefined,
        "textTransform": undefined,
      },
      "small": Object {
        "capsize": Object {
          "baselineTrim": "-0.5em",
          "capHeightTrim": "-0.5em",
          "fontSize": "14px",
          "lineHeight": "24.1818px",
        },
        "fontFamily": "Inter,ui-sans-serif,system-ui,-apple-system,BlinkMacSystemFont,\\"Segoe UI\\",Roboto,\\"Helvetica Neue\\",Arial,\\"Noto Sans\\",sans-serif,\\"Apple Color Emoji\\",\\"Segoe UI Emoji\\",\\"Segoe UI Symbol\\",\\"Noto Color Emoji\\"",
        "fontStyle": undefined,
        "fontWeight": "400",
        "letterSpacing": "0px",
        "textDecoration": undefined,
        "textTransform": undefined,
      },
      "xSmall": Object {
        "capsize": Object {
          "baselineTrim": "-0.5em",
          "capHeightTrim": "-0.5em",
          "fontSize": "12px",
          "lineHeight": "20.7273px",
        },
        "fontFamily": "Inter,ui-sans-serif,system-ui,-apple-system,BlinkMacSystemFont,\\"Segoe UI\\",Roboto,\\"Helvetica Neue\\",Arial,\\"Noto Sans\\",sans-serif,\\"Apple Color Emoji\\",\\"Segoe UI Emoji\\",\\"Segoe UI Symbol\\",\\"Noto Color Emoji\\"",
        "fontStyle": undefined,
        "fontWeight": "400",
        "letterSpacing": "0px",
        "textDecoration": undefined,
        "textTransform": undefined,
      },
    },
    "fontFamily": "Inter,ui-sans-serif,system-ui,-apple-system,BlinkMacSystemFont,\\"Segoe UI\\",Roboto,\\"Helvetica Neue\\",Arial,\\"Noto Sans\\",sans-serif,\\"Apple Color Emoji\\",\\"Segoe UI Emoji\\",\\"Segoe UI Symbol\\",\\"Noto Color Emoji\\"",
    "fontStyle": undefined,
    "fontWeight": "400",
    "letterSpacing": "0px",
    "mobile": Object {
      "large": Object {
        "capsize": Object {
          "baselineTrim": "-0.4444em",
          "capHeightTrim": "-0.4444em",
          "fontSize": "18px",
          "lineHeight": "29.0909px",
        },
        "fontFamily": "Inter,ui-sans-serif,system-ui,-apple-system,BlinkMacSystemFont,\\"Segoe UI\\",Roboto,\\"Helvetica Neue\\",Arial,\\"Noto Sans\\",sans-serif,\\"Apple Color Emoji\\",\\"Segoe UI Emoji\\",\\"Segoe UI Symbol\\",\\"Noto Color Emoji\\"",
        "fontStyle": undefined,
        "fontWeight": "400",
        "letterSpacing": "0px",
        "textDecoration": undefined,
        "textTransform": undefined,
      },
      "medium": Object {
        "capsize": Object {
          "baselineTrim": "-0.4375em",
          "capHeightTrim": "-0.4375em",
          "fontSize": "16px",
          "lineHeight": "25.6364px",
        },
        "fontFamily": "Inter,ui-sans-serif,system-ui,-apple-system,BlinkMacSystemFont,\\"Segoe UI\\",Roboto,\\"Helvetica Neue\\",Arial,\\"Noto Sans\\",sans-serif,\\"Apple Color Emoji\\",\\"Segoe UI Emoji\\",\\"Segoe UI Symbol\\",\\"Noto Color Emoji\\"",
        "fontStyle": undefined,
        "fontWeight": "400",
        "letterSpacing": "0px",
        "textDecoration": undefined,
        "textTransform": undefined,
      },
      "small": Object {
        "capsize": Object {
          "baselineTrim": "-0.4286em",
          "capHeightTrim": "-0.4286em",
          "fontSize": "14px",
          "lineHeight": "22.1818px",
        },
        "fontFamily": "Inter,ui-sans-serif,system-ui,-apple-system,BlinkMacSystemFont,\\"Segoe UI\\",Roboto,\\"Helvetica Neue\\",Arial,\\"Noto Sans\\",sans-serif,\\"Apple Color Emoji\\",\\"Segoe UI Emoji\\",\\"Segoe UI Symbol\\",\\"Noto Color Emoji\\"",
        "fontStyle": undefined,
        "fontWeight": "400",
        "letterSpacing": "0px",
        "textDecoration": undefined,
        "textTransform": undefined,
      },
      "xSmall": Object {
        "capsize": Object {
          "baselineTrim": "-0.4167em",
          "capHeightTrim": "-0.4167em",
          "fontSize": "12px",
          "lineHeight": "18.7273px",
        },
        "fontFamily": "Inter,ui-sans-serif,system-ui,-apple-system,BlinkMacSystemFont,\\"Segoe UI\\",Roboto,\\"Helvetica Neue\\",Arial,\\"Noto Sans\\",sans-serif,\\"Apple Color Emoji\\",\\"Segoe UI Emoji\\",\\"Segoe UI Symbol\\",\\"Noto Color Emoji\\"",
        "fontStyle": undefined,
        "fontWeight": "400",
        "letterSpacing": "0px",
        "textDecoration": undefined,
        "textTransform": undefined,
      },
    },
    "styles": Object {
      "bold": Object {
        "fontStyle": undefined,
        "fontWeight": "500",
        "letterSpacing": "0px",
        "textDecoration": undefined,
        "textTransform": undefined,
      },
      "boldUppercase": Object {
        "fontStyle": undefined,
        "fontWeight": "500",
        "letterSpacing": "0.05em",
        "textDecoration": undefined,
        "textTransform": "uppercase",
      },
      "italic": Object {
        "fontStyle": "italic",
        "fontWeight": "400",
        "letterSpacing": "0px",
        "textDecoration": undefined,
        "textTransform": undefined,
      },
      "italicBold": Object {
        "fontStyle": "italic",
        "fontWeight": "500",
        "letterSpacing": "0px",
        "textDecoration": undefined,
        "textTransform": undefined,
      },
      "normal": Object {
        "fontStyle": undefined,
        "fontWeight": "400",
        "letterSpacing": "0px",
        "textDecoration": undefined,
        "textTransform": undefined,
      },
      "uppercase": Object {
        "fontStyle": undefined,
        "fontWeight": "400",
        "letterSpacing": "0.05em",
        "textDecoration": undefined,
        "textTransform": "uppercase",
      },
    },
    "tablet": Object {
      "large": Object {
        "capsize": Object {
          "baselineTrim": "-0.4444em",
          "capHeightTrim": "-0.4444em",
          "fontSize": "18px",
          "lineHeight": "29.0909px",
        },
        "fontFamily": "Inter,ui-sans-serif,system-ui,-apple-system,BlinkMacSystemFont,\\"Segoe UI\\",Roboto,\\"Helvetica Neue\\",Arial,\\"Noto Sans\\",sans-serif,\\"Apple Color Emoji\\",\\"Segoe UI Emoji\\",\\"Segoe UI Symbol\\",\\"Noto Color Emoji\\"",
        "fontStyle": undefined,
        "fontWeight": "400",
        "letterSpacing": "0px",
        "textDecoration": undefined,
        "textTransform": undefined,
      },
      "medium": Object {
        "capsize": Object {
          "baselineTrim": "-0.4375em",
          "capHeightTrim": "-0.4375em",
          "fontSize": "16px",
          "lineHeight": "25.6364px",
        },
        "fontFamily": "Inter,ui-sans-serif,system-ui,-apple-system,BlinkMacSystemFont,\\"Segoe UI\\",Roboto,\\"Helvetica Neue\\",Arial,\\"Noto Sans\\",sans-serif,\\"Apple Color Emoji\\",\\"Segoe UI Emoji\\",\\"Segoe UI Symbol\\",\\"Noto Color Emoji\\"",
        "fontStyle": undefined,
        "fontWeight": "400",
        "letterSpacing": "0px",
        "textDecoration": undefined,
        "textTransform": undefined,
      },
      "small": Object {
        "capsize": Object {
          "baselineTrim": "-0.4286em",
          "capHeightTrim": "-0.4286em",
          "fontSize": "14px",
          "lineHeight": "22.1818px",
        },
        "fontFamily": "Inter,ui-sans-serif,system-ui,-apple-system,BlinkMacSystemFont,\\"Segoe UI\\",Roboto,\\"Helvetica Neue\\",Arial,\\"Noto Sans\\",sans-serif,\\"Apple Color Emoji\\",\\"Segoe UI Emoji\\",\\"Segoe UI Symbol\\",\\"Noto Color Emoji\\"",
        "fontStyle": undefined,
        "fontWeight": "400",
        "letterSpacing": "0px",
        "textDecoration": undefined,
        "textTransform": undefined,
      },
      "xSmall": Object {
        "capsize": Object {
          "baselineTrim": "-0.4167em",
          "capHeightTrim": "-0.4167em",
          "fontSize": "12px",
          "lineHeight": "18.7273px",
        },
        "fontFamily": "Inter,ui-sans-serif,system-ui,-apple-system,BlinkMacSystemFont,\\"Segoe UI\\",Roboto,\\"Helvetica Neue\\",Arial,\\"Noto Sans\\",sans-serif,\\"Apple Color Emoji\\",\\"Segoe UI Emoji\\",\\"Segoe UI Symbol\\",\\"Noto Color Emoji\\"",
        "fontStyle": undefined,
        "fontWeight": "400",
        "letterSpacing": "0px",
        "textDecoration": undefined,
        "textTransform": undefined,
      },
    },
    "textDecoration": undefined,
    "textTransform": undefined,
  },
  "spaces": Object {
    "headings": Object {
      "h1": Object {
        "after": "2em",
        "before": "1em",
      },
      "h2": Object {
        "after": "2em",
        "before": "1em",
      },
      "h3": Object {
        "after": "2em",
        "before": "1em",
      },
      "h4": Object {
        "after": "2em",
        "before": "1em",
      },
    },
    "paragraphs": Object {
      "large": Object {
        "after": "1em",
        "before": "1em",
      },
      "medium": Object {
        "after": "1em",
        "before": "1em",
      },
      "small": Object {
        "after": "1em",
        "before": "1em",
      },
      "xSmall": Object {
        "after": "1em",
        "before": "1em",
      },
    },
    "titles": Object {
      "t1": Object {
        "after": "2em",
        "before": "1em",
      },
      "t2": Object {
        "after": "2em",
        "before": "1em",
      },
    },
  },
  "titles": Object {
    "desktop": Object {
      "t1": Object {
        "capsize": Object {
          "baselineTrim": "-0.2538em",
          "capHeightTrim": "-0.2538em",
          "fontSize": "65px",
          "lineHeight": "80.2727px",
        },
        "fontFamily": "Inter,ui-sans-serif,system-ui,-apple-system,BlinkMacSystemFont,\\"Segoe UI\\",Roboto,\\"Helvetica Neue\\",Arial,\\"Noto Sans\\",sans-serif,\\"Apple Color Emoji\\",\\"Segoe UI Emoji\\",\\"Segoe UI Symbol\\",\\"Noto Color Emoji\\"",
        "fontStyle": undefined,
        "fontWeight": "700",
        "letterSpacing": "0px",
        "textDecoration": undefined,
        "textTransform": undefined,
      },
      "t2": Object {
        "capsize": Object {
          "baselineTrim": "-0.25em",
          "capHeightTrim": "-0.25em",
          "fontSize": "40px",
          "lineHeight": "49.0909px",
        },
        "fontFamily": "Inter,ui-sans-serif,system-ui,-apple-system,BlinkMacSystemFont,\\"Segoe UI\\",Roboto,\\"Helvetica Neue\\",Arial,\\"Noto Sans\\",sans-serif,\\"Apple Color Emoji\\",\\"Segoe UI Emoji\\",\\"Segoe UI Symbol\\",\\"Noto Color Emoji\\"",
        "fontStyle": undefined,
        "fontWeight": "700",
        "letterSpacing": "0px",
        "textDecoration": undefined,
        "textTransform": undefined,
      },
    },
    "fontFamily": "Inter,ui-sans-serif,system-ui,-apple-system,BlinkMacSystemFont,\\"Segoe UI\\",Roboto,\\"Helvetica Neue\\",Arial,\\"Noto Sans\\",sans-serif,\\"Apple Color Emoji\\",\\"Segoe UI Emoji\\",\\"Segoe UI Symbol\\",\\"Noto Color Emoji\\"",
    "fontStyle": undefined,
    "fontWeight": "700",
    "letterSpacing": "0px",
    "mobile": Object {
      "t1": Object {
        "capsize": Object {
          "baselineTrim": "-0.2561em",
          "capHeightTrim": "-0.2561em",
          "fontSize": "41px",
          "lineHeight": "50.8182px",
        },
        "fontFamily": "Inter,ui-sans-serif,system-ui,-apple-system,BlinkMacSystemFont,\\"Segoe UI\\",Roboto,\\"Helvetica Neue\\",Arial,\\"Noto Sans\\",sans-serif,\\"Apple Color Emoji\\",\\"Segoe UI Emoji\\",\\"Segoe UI Symbol\\",\\"Noto Color Emoji\\"",
        "fontStyle": undefined,
        "fontWeight": "700",
        "letterSpacing": "0px",
        "textDecoration": undefined,
        "textTransform": undefined,
      },
      "t2": Object {
        "capsize": Object {
          "baselineTrim": "-0.25em",
          "capHeightTrim": "-0.25em",
          "fontSize": "34px",
          "lineHeight": "41.7273px",
        },
        "fontFamily": "Inter,ui-sans-serif,system-ui,-apple-system,BlinkMacSystemFont,\\"Segoe UI\\",Roboto,\\"Helvetica Neue\\",Arial,\\"Noto Sans\\",sans-serif,\\"Apple Color Emoji\\",\\"Segoe UI Emoji\\",\\"Segoe UI Symbol\\",\\"Noto Color Emoji\\"",
        "fontStyle": undefined,
        "fontWeight": "700",
        "letterSpacing": "0px",
        "textDecoration": undefined,
        "textTransform": undefined,
      },
    },
    "styles": Object {},
    "tablet": Object {
      "t1": Object {
        "capsize": Object {
          "baselineTrim": "-0.25em",
          "capHeightTrim": "-0.25em",
          "fontSize": "48px",
          "lineHeight": "58.9091px",
        },
        "fontFamily": "Inter,ui-sans-serif,system-ui,-apple-system,BlinkMacSystemFont,\\"Segoe UI\\",Roboto,\\"Helvetica Neue\\",Arial,\\"Noto Sans\\",sans-serif,\\"Apple Color Emoji\\",\\"Segoe UI Emoji\\",\\"Segoe UI Symbol\\",\\"Noto Color Emoji\\"",
        "fontStyle": undefined,
        "fontWeight": "700",
        "letterSpacing": "0px",
        "textDecoration": undefined,
        "textTransform": undefined,
      },
      "t2": Object {
        "capsize": Object {
          "baselineTrim": "-0.25em",
          "capHeightTrim": "-0.25em",
          "fontSize": "36px",
          "lineHeight": "44.1818px",
        },
        "fontFamily": "Inter,ui-sans-serif,system-ui,-apple-system,BlinkMacSystemFont,\\"Segoe UI\\",Roboto,\\"Helvetica Neue\\",Arial,\\"Noto Sans\\",sans-serif,\\"Apple Color Emoji\\",\\"Segoe UI Emoji\\",\\"Segoe UI Symbol\\",\\"Noto Color Emoji\\"",
        "fontStyle": undefined,
        "fontWeight": "700",
        "letterSpacing": "0px",
        "textDecoration": undefined,
        "textTransform": undefined,
      },
    },
    "textDecoration": undefined,
    "textTransform": undefined,
  },
}
`;
