// Jest Snapshot v1, https://goo.gl/fbAQLP

exports[`props should render correctly 1`] = `
<div
  class="center center__iky36j0"
  style="color: red;"
>
  <div />
  <div
    class="center__iky36j2 center-div"
    style="--max-content-width: 800px;"
  >
    Hello world
  </div>
  <div />
</div>
`;
